> ## Apresentar resultados
> print(alpha1)

 Krippendorff's alpha 

 alpha coders units   level
     1      2    77 nominal

 Bootstrapped alpha
 Alpha Std. Error 2.5 % 97.5 % Boot. technique Bootstraps
     1          0     1      1    Krippendorff      20000
     1          0     1      1   nonparametric       1000

 P(alpha > alpha_min):
 alpha_min krippendorff nonparametric
      0.90            1             1
      0.80            1             1
      0.70            1             1
      0.67            1             1
      0.60            1             1
      0.50            1             1
> print(alpha2)

 Krippendorff's alpha 

 alpha coders units   level
     1      2    77 nominal

 Bootstrapped alpha
 Alpha Std. Error 2.5 % 97.5 % Boot. technique Bootstraps
     1          0     1      1    Krippendorff      20000
     1          0     1      1   nonparametric       1000

 P(alpha > alpha_min):
 alpha_min krippendorff nonparametric
      0.90            1             1
      0.80            1             1
      0.70            1             1
      0.67            1             1
      0.60            1             1
      0.50            1             1
> print(alpha3)

 Krippendorff's alpha 

 alpha coders units   level
 0.831      2    77 nominal

 Bootstrapped alpha
 Alpha Std. Error 2.5 % 97.5 % Boot. technique Bootstraps
 0.831      0.056 0.705  0.937    Krippendorff      20000
 0.827      0.054 0.721  0.919   nonparametric       1000

 P(alpha > alpha_min):
 alpha_min krippendorff nonparametric
      0.90        0.085         0.081
      0.80        0.725         0.703
      0.70        0.989         0.994
      0.67        0.995         0.998
      0.60        1.000         1.000
      0.50        1.000         1.000
> print(alpha4)

 Krippendorff's alpha 

 alpha coders units   level
 0.902      2    77 nominal

 Bootstrapped alpha
 Alpha Std. Error 2.5 % 97.5 % Boot. technique Bootstraps
 0.902      0.043 0.803   0.98    Krippendorff      20000
 0.898      0.045 0.803   0.98   nonparametric       1000

 P(alpha > alpha_min):
 alpha_min krippendorff nonparametric
      0.90        0.621         0.533
      0.80        0.988         0.980
      0.70        1.000         1.000
      0.67        1.000         1.000
      0.60        1.000         1.000
      0.50        1.000         1.000
> print(alpha5)

 Krippendorff's alpha 

 alpha coders units   level
     1      2    77 nominal

 Bootstrapped alpha
 Alpha Std. Error 2.5 % 97.5 % Boot. technique Bootstraps
     1          0     1      1    Krippendorff      20000
     1          0     1      1   nonparametric       1000

 P(alpha > alpha_min):
 alpha_min krippendorff nonparametric
      0.90            1             1
      0.80            1             1
      0.70            1             1
      0.67            1             1
      0.60            1             1
      0.50            1             1
> print(alpha6)

 Krippendorff's alpha 

 alpha coders units   level
     1      2    77 nominal

 Bootstrapped alpha
 Alpha Std. Error 2.5 % 97.5 % Boot. technique Bootstraps
     1          0     1      1    Krippendorff      20000
     1          0     1      1   nonparametric       1000

 P(alpha > alpha_min):
 alpha_min krippendorff nonparametric
      0.90            1             1
      0.80            1             1
      0.70            1             1
      0.67            1             1
      0.60            1             1
      0.50            1             1
> print(alpha7)

 Krippendorff's alpha 

 alpha coders units   level
     1      2    77 nominal

 Bootstrapped alpha
 Alpha Std. Error 2.5 % 97.5 % Boot. technique Bootstraps
     1          0     1      1    Krippendorff      20000
     1          0     1      1   nonparametric       1000

 P(alpha > alpha_min):
 alpha_min krippendorff nonparametric
      0.90            1             1
      0.80            1             1
      0.70            1             1
      0.67            1             1
      0.60            1             1
      0.50            1             1
> print(alpha8)

 Krippendorff's alpha 

 alpha coders units   level
     1      2    77 nominal

 Bootstrapped alpha
 Alpha Std. Error 2.5 % 97.5 % Boot. technique Bootstraps
     1          0     1      1    Krippendorff      20000
     1          0     1      1   nonparametric       1000

 P(alpha > alpha_min):
 alpha_min krippendorff nonparametric
      0.90            1             1
      0.80            1             1
      0.70            1             1
      0.67            1             1
      0.60            1             1
      0.50            1             1
> print(alpha9)

 Krippendorff's alpha 

 alpha coders units   level
     1      2    77 nominal

 Bootstrapped alpha
 Alpha Std. Error 2.5 % 97.5 % Boot. technique Bootstraps
     1          0     1      1    Krippendorff      20000
     1          0     1      1   nonparametric       1000

 P(alpha > alpha_min):
 alpha_min krippendorff nonparametric
      0.90            1             1
      0.80            1             1
      0.70            1             1
      0.67            1             1
      0.60            1             1
      0.50            1             1
> print(alpha10)

 Krippendorff's alpha 

 alpha coders units   level
 0.703      2    77 nominal

 Bootstrapped alpha
 Alpha Std. Error 2.5 % 97.5 % Boot. technique Bootstraps
 0.703      0.093 0.505  0.868    Krippendorff      20000
 0.696      0.094 0.502  0.856   nonparametric       1000

 P(alpha > alpha_min):
 alpha_min krippendorff nonparametric
      0.90        0.016         0.004
      0.80        0.188         0.124
      0.70        0.585         0.502
      0.67        0.585         0.626
      0.60        0.891         0.829
      0.50        0.985         0.975
> print(alpha11)

 Krippendorff's alpha 

 alpha coders units   level
     1      2    77 nominal

 Bootstrapped alpha
 Alpha Std. Error 2.5 % 97.5 % Boot. technique Bootstraps
     1          0     1      1    Krippendorff      20000
     1          0     1      1   nonparametric       1000

 P(alpha > alpha_min):
 alpha_min krippendorff nonparametric
      0.90            1             1
      0.80            1             1
      0.70            1             1
      0.67            1             1
      0.60            1             1
      0.50            1             1
> print(alpha12)

 Krippendorff's alpha 

 alpha coders units   level
     1      2    77 nominal

 Bootstrapped alpha
 Alpha Std. Error 2.5 % 97.5 % Boot. technique Bootstraps
     1          0     1      1    Krippendorff      20000
     1          0     1      1   nonparametric       1000

 P(alpha > alpha_min):
 alpha_min krippendorff nonparametric
      0.90            1             1
      0.80            1             1
      0.70            1             1
      0.67            1             1
      0.60            1             1
      0.50            1             1
> print(alpha13)

 Krippendorff's alpha 

 alpha coders units   level
     1      2    77 nominal

 Bootstrapped alpha
 Alpha Std. Error 2.5 % 97.5 % Boot. technique Bootstraps
     1          0     1      1    Krippendorff      20000
     1          0     1      1   nonparametric       1000

 P(alpha > alpha_min):
 alpha_min krippendorff nonparametric
      0.90            1             1
      0.80            1             1
      0.70            1             1
      0.67            1             1
      0.60            1             1
      0.50            1             1